	- mousetweaks 2.31
	- placeholder-api 3.2.0+26.3
	- reeses-sodium-options 2.2.4+mc26.3
	- searchables 1.0.2
	- sodium 0.9.2+mc26.3
	- tacz 1.1.8+fabric.26.3.R1
	   |-- com_github_figuramc_luaj_luaj-core 3.0.8-figura
	   |-- com_github_figuramc_luaj_luaj-jse 3.0.8-figura
	   |-- com_maydaymemory_mae 1.1.1
	   |-- org_apache_bcel_bcel 6.6.1
	   \-- org_apache_commons_commons-math3 3.6.1
	- xaerominimap 26.5.3
	   \-- xaerolib 1.7.17
[00:36:10] [main/INFO]: SpongePowered MIXIN Subsystem Version=0.8.7 Source=file:/D:/DOWLOD/.minecraft/libraries/net/fabricmc/sponge-mixin/0.17.4+mixin.0.8.7/sponge-mixin-0.17.4+mixin.0.8.7.jar Service=Knot/Fabric Env=CLIENT
[00:36:10] [main/WARN]: Reference map 'controlling.refmap.json' for controlling.mixins.json could not be read. If this is a development environment you can ignore this message
[00:36:10] [main/WARN]: Reference map 'iris.refmap.json' for mixins.iris.json could not be read. If this is a development environment you can ignore this message
[00:36:10] [main/WARN]: Reference map 'iris-fabric.refmap.json' for mixins.iris.fabric.json could not be read. If this is a development environment you can ignore this message
[00:36:10] [main/WARN]: Reference map 'iris.refmap.json' for mixins.iris.vertexformat.json could not be read. If this is a development environment you can ignore this message
[00:36:10] [main/WARN]: Reference map 'iris.refmap.json' for mixins.iris.bettermipmaps.json could not be read. If this is a development environment you can ignore this message
[00:36:10] [main/WARN]: Reference map 'iris.refmap.json' for mixins.iris.compat.sodium.json could not be read. If this is a development environment you can ignore this message
[00:36:10] [main/WARN]: Reference map 'iris.refmap.json' for mixins.iris.fixes.maxfpscrash.json could not be read. If this is a development environment you can ignore this message
[00:36:10] [main/WARN]: Reference map 'reeses-sodium-options.refmap.json' for reeses-sodium-options.mixins.json could not be read. If this is a development environment you can ignore this message
[00:36:10] [main/WARN]: Reference map 'searchables.refmap.json' for searchables.mixins.json could not be read. If this is a development environment you can ignore this message
[00:36:10] [main/WARN]: Reference map 'searchables.refmap.json' for searchables.fabric.mixins.json could not be read. If this is a development environment you can ignore this message
[00:36:10] [main/INFO]: Loaded configuration file for Sodium: 37 options available, 1 override(s) found
[00:36:10] [main/INFO]: [TACZ Scope] Iris compat mixin config loaded: package=com.tacz.guns.mixin.client.iris, irisLoaded=true
[00:36:10] [main/WARN]: Reference map 'xaerolib.refmap.json' for xaerolib.mixins.json could not be read. If this is a development environment you can ignore this message
[00:36:11] [main/WARN]: Force-disabling mixin 'features.render.world.sky.LevelRendererMixin' as rule 'mixin.features.render.world.sky' (added by mods [iris]) disables it and children
[00:36:11] [main/INFO]: [TACZ Scope] Iris compat mixin decision: apply=true, firstMixin=com.tacz.guns.mixin.client.iris.IrisShaderCreatorMixin, firstTarget=net.irisshaders.iris.pipeline.programs.ShaderCreator
[00:36:11] [main/INFO]: Searching for graphics cards...
[00:36:11] [main/INFO]: Found graphics adapter: AdapterInfo{vendor=AMD, description='AMD Radeon(TM) Graphics', adapterType=0x00002303, openglIcdFilePath='C:\Windows\System32\DriverStore\FileRepository\u0203303.inf_amd64_e5876a26758f154c\B026363\atig6pxx.dll', openglIcdVersion=32.0.21045.5002}
[00:36:11] [main/INFO]: Found graphics adapter: AdapterInfo{vendor=AMD, description='AMD  Radeon RX 7800 XT', adapterType=0x0000230B, openglIcdFilePath='C:\Windows\System32\DriverStore\FileRepository\u0203304.inf_amd64_a6e5a337568ce3f0\B026373\atig6pxx.dll', openglIcdVersion=32.0.31041.1004}
[00:36:11] [main/WARN]: Sodium has applied one or more workarounds to prevent crashes or other issues on your system: [AMD_GAME_OPTIMIZATION_BROKEN]
[00:36:11] [main/WARN]: This is not necessarily an issue, but it may result in certain features or optimizations being disabled. You can sometimes fix these issues by upgrading your graphics driver.
[00:36:11] [main/INFO]: Initializing MixinExtras via com.llamalad7.mixinextras.service.MixinExtrasServiceImpl(version=0.5.5).

Euphoria Patcher:
[00:36:13] [main/INFO]: EuphoriaPatcher: [UPDATE CHECKER] The EuphoriaPatcher Mod is up to date
[00:36:13] [main/INFO]: EuphoriaPatcher: Charging the flux capacitor...
[00:36:13] [main/INFO]: EuphoriaPatcher: EuphoriaPatches_1.10.5 is already installed.

 
EuphoriaPatcher: Thank you for using Euphoria Patches - SpacEagle17

 
[00:36:14] [Datafixer Bootstrap #0/INFO]: 307 Datafixer optimizations took 207 milliseconds
[00:36:14] [main/WARN]: Invalid registry value type detected for PerfOS counters. Should be REG_DWORD. Ignoring: HKEY_LOCAL_MACHINE\SYSTEM\CurrentControlSet\Services\PerfOS\Performance\Disable Performance Counters.
[00:36:18] [Render thread/INFO]: Environment: Environment[discoveryUrl=https://discovery.minecraftservices.com/minecraft/client, name=PROD]
[00:36:18] [Render thread/INFO]: Setting user: GOOSTL
[00:36:18] [Render thread/INFO]: Registered synced data key tacz:shoot_cool_down for minecraft:living_entity
[00:36:18] [Render thread/INFO]: Registered synced data key tacz:melee_cool_down for minecraft:living_entity
[00:36:18] [Render thread/INFO]: Registered synced data key tacz:reload_state for minecraft:living_entity
[00:36:18] [Render thread/INFO]: Registered synced data key tacz:aiming_progress for minecraft:living_entity
[00:36:18] [Render thread/INFO]: Registered synced data key tacz:draw_cool_down for minecraft:living_entity
[00:36:18] [Render thread/INFO]: Registered synced data key tacz:is_aiming for minecraft:living_entity
[00:36:18] [Render thread/INFO]: Registered synced data key tacz:sprint_time for minecraft:living_entity
[00:36:18] [Render thread/INFO]: Registered synced data key tacz:is_bolting for minecraft:living_entity
[00:36:18] [Render thread/INFO]: Registered synced data key tacz:throwable_using for minecraft:living_entity
[00:36:18] [Render thread/INFO]: LRTactical (unofficial 26.2 port) initialized
[00:36:18] [Render thread/INFO]: Registering S2C receiver with id architectury:spawn_entity_packet
[00:36:18] [Render thread/INFO]: [Indigo] Different rendering plugin detected; not applying Indigo.
[00:36:18] [Render thread/INFO]: Sending ConfigManager...
[00:36:18] [Render thread/INFO]: Sending ConfigManager took 671.8 microseconds
[00:36:18] [Render thread/INFO]: Checking mod updates...
[00:36:18] [Render thread/INFO]: [STDOUT]: [Mouse Tweaks] Main.initialize()
[00:36:18] [Render thread/INFO]: [STDOUT]: [Mouse Tweaks] Initialized.
[00:36:18] [Render thread/INFO]: [TACZ] Registering FeatureRenderers for 26.2...
[00:36:18] [Render thread/INFO]: [TACZ] FeatureRenderers registered.
[00:36:18] [Render thread/INFO]: [TacZMeshLoader] Registered TACZ gun model type: mesh
[00:36:18] [Render thread/INFO]: Registering common data for channel xaerolib:main!
[00:36:18] [Render thread/INFO]: Registering client data for channel xaerolib:main!
[00:36:18] [Render thread/INFO]: Loading primary common config for channel xaerolib:main!
[00:36:18] [Render thread/INFO]: Loading server config profiles for channel xaerolib:main!
[00:36:18] [Render thread/INFO]: Loading primary client config for channel xaerolib:main!
[00:36:18] [Render thread/INFO]: Loading client config profiles for channel xaerolib:main!
[00:36:18] [Render thread/INFO]: Loading XaeroLib common 1/2!
[00:36:18] [Render thread/INFO]: Loading XaeroLib client 1/3!
[00:36:20] [Render thread/INFO]: No Optifine!
[00:36:20] [Render thread/INFO]: Xaero's Minimap: No Vivecraft!
[00:36:20] [Render thread/INFO]: Xaero's Minimap: Iris found!
[00:36:20] [Render thread/INFO]: Registering common data for channel xaerominimap:main!
[00:36:20] [Render thread/INFO]: Registering client data for channel xaerominimap:main!
[00:36:20] [Render thread/INFO]: Loading primary common config for channel xaerominimap:main!
[00:36:20] [Render thread/INFO]: Loading server config profiles for channel xaerominimap:main!
[00:36:20] [Render thread/INFO]: Loading primary client config for channel xaerominimap:main!
[00:36:20] [Render thread/INFO]: Loading client config profiles for channel xaerominimap:main!
[00:36:20] [Render thread/INFO]: Loading Xaero's Minimap - Stage 1/3
[00:36:21] [Render thread/INFO]: Backend library: LWJGL version 3.4.3-snapshot
[00:36:21] [Render thread/WARN]: Detected unexpected shutdown during last game startup: resetting fullscreen mode
[00:36:21] [Render thread/INFO]: SDL [SYSTEM]: App name: Minecraft
[00:36:21] [Render thread/INFO]: SDL [SYSTEM]: App version: 26.3
[00:36:21] [Render thread/INFO]: SDL [SYSTEM]: App ID: com.mojang.minecraft
[00:36:21] [Render thread/INFO]: SDL [SYSTEM]: SDL revision: SDL-3.4.14-62f10da
[00:36:21] [Render thread/WARN]: Detected unexpected shutdown during last game startup: forcing preferred graphics API to OpenGL
[00:36:22] [Render thread/INFO]: Modifying process environment to apply workarounds for the AMD graphics driver...
[00:36:22] [Render thread/INFO]: Modifying process environment to apply workarounds for the AMD graphics driver...
[00:36:22] [Render thread/INFO]: Debug functionality is disabled.
[00:36:22] [Render thread/INFO]: ARB_direct_state_access detected, enabling DSA.
[00:36:22] [Render thread/INFO]: Shaders are disabled because no valid shaderpack is selected
[00:36:22] [Render thread/INFO]: Using graphics backend OpenGL, using drivers: 3.3.0 Core Profile Context 26.8.1.260810
[00:36:22] [Render thread/INFO]: Using graphics device: AMD  Radeon RX 7800 XT (ATI Technologies Inc.)
[00:36:22] [Render thread/INFO]: Using graphics device extensions: GL_ARB_multi_draw_indirect, GL_ARB_buffer_storage, GL_ARB_shader_draw_parameters, GL_ARB_base_instance, GL_KHR_debug, GL_ARB_draw_indirect, GL_ARB_clip_control, GL_ARB_vertex_attrib_binding, GL_ARB_direct_state_access, GL_EXT_texture_filter_anisotropic
[00:36:22] [Render thread/INFO]: Modifying process environment to apply workarounds for the AMD graphics driver...
[00:36:22] [Render thread/INFO]: Created window using SDL video driver: windows
[00:36:22] [Render thread/INFO]: Start scanning for gun packs in D:\DOWLOD\.minecraft\versions\26.3-Fabric 0.19.5\tacz
[00:36:22] [Render thread/INFO]: - tacz_default_gun, Main namespace: tacz
[00:36:22] [Render thread/INFO]: Found 1 possible gunpack(s) and added them to resource set.
[00:36:22] [Render thread/ERROR]: Mixin apply for mod tacz failed tacz.mixins.json:client.GameRendererMixin from mod tacz -> net.minecraft.client.renderer.GameRenderer: org.spongepowered.asm.mixin.injection.throwables.InvalidInjectionException Invalid descriptor on tacz.mixins.json:client.GameRendererMixin from mod tacz->@Inject::tacz$beginHandPass(Lnet/minecraft/client/renderer/state/level/CameraRenderState;FLorg/joml/Matrix4fc;Lorg/spongepowered/asm/mixin/injection/callback/CallbackInfo;)V! Expected (Lnet/minecraft/client/renderer/state/level/CameraRenderState;Lnet/minecraft/client/renderer/state/level/PlayerRenderState;Lcom/mojang/renderpearl/api/textures/GpuTextureView;Lorg/spongepowered/asm/mixin/injection/callback/CallbackInfo;)V but found (Lnet/minecraft/client/renderer/state/level/CameraRenderState;FLorg/joml/Matrix4fc;Lorg/spongepowered/asm/mixin/injection/callback/CallbackInfo;)V [INJECT_APPLY Applicator Phase -> tacz.mixins.json:client.GameRendererMixin from mod tacz -> Apply Injections ->  -> Inject -> tacz.mixins.json:client.GameRendererMixin from mod tacz->@Inject::tacz$beginHandPass(Lnet/minecraft/client/renderer/state/level/CameraRenderState;FLorg/joml/Matrix4fc;Lorg/spongepowered/asm/mixin/injection/callback/CallbackInfo;)V]
org.spongepowered.asm.mixin.injection.throwables.InvalidInjectionException: Invalid descriptor on tacz.mixins.json:client.GameRendererMixin from mod tacz->@Inject::tacz$beginHandPass(Lnet/minecraft/client/renderer/state/level/CameraRenderState;FLorg/joml/Matrix4fc;Lorg/spongepowered/asm/mixin/injection/callback/CallbackInfo;)V! Expected (Lnet/minecraft/client/renderer/state/level/CameraRenderState;Lnet/minecraft/client/renderer/state/level/PlayerRenderState;Lcom/mojang/renderpearl/api/textures/GpuTextureView;Lorg/spongepowered/asm/mixin/injection/callback/CallbackInfo;)V but found (Lnet/minecraft/client/renderer/state/level/CameraRenderState;FLorg/joml/Matrix4fc;Lorg/spongepowered/asm/mixin/injection/callback/CallbackInfo;)V [INJECT_APPLY Applicator Phase -> tacz.mixins.json:client.GameRendererMixin from mod tacz -> Apply Injections ->  -> Inject -> tacz.mixins.json:client.GameRendererMixin from mod tacz->@Inject::tacz$beginHandPass(Lnet/minecraft/client/renderer/state/level/CameraRenderState;FLorg/joml/Matrix4fc;Lorg/spongepowered/asm/mixin/injection/callback/CallbackInfo;)V]
	at org.spongepowered.asm.mixin.injection.callback.CallbackInjector.inject(CallbackInjector.java:563)
	at org.spongepowered.asm.mixin.injection.callback.CallbackInjector.inject(CallbackInjector.java:493)
	at org.spongepowered.asm.mixin.injection.code.Injector.inject(Injector.java:284)
	at org.spongepowered.asm.mixin.injection.struct.InjectionInfo.inject(InjectionInfo.java:503)
	at org.spongepowered.asm.mixin.transformer.MixinTargetContext.applyInjections(MixinTargetContext.java:1470)
	at org.spongepowered.asm.mixin.transformer.MixinApplicatorStandard.applyInjections(MixinApplicatorStandard.java:832)
	at org.spongepowered.asm.mixin.transformer.MixinApplicatorStandard.lambda$runApplicatorPass$7(MixinApplicatorStandard.java:362)
	at org.spongepowered.asm.mixin.transformer.MixinApplicatorStandard.processMixins(MixinApplicatorStandard.java:381)
	at org.spongepowered.asm.mixin.transformer.MixinApplicatorStandard.runApplicatorPass(MixinApplicatorStandard.java:360)
	at org.spongepowered.asm.mixin.transformer.MixinApplicatorStandard.apply(MixinApplicatorStandard.java:240)
	at org.spongepowered.asm.mixin.transformer.TargetClassContext.apply(TargetClassContext.java:437)
	at org.spongepowered.asm.mixin.transformer.TargetClassContext.applyMixins(TargetClassContext.java:418)
	at org.spongepowered.asm.mixin.transformer.MixinProcessor.applyMixins(MixinProcessor.java:351)
	at org.spongepowered.asm.mixin.transformer.MixinTransformer.transformClass(MixinTransformer.java:237)
	at org.spongepowered.asm.mixin.transformer.MixinTransformer.transformClassBytes(MixinTransformer.java:202)
	at net.fabricmc.loader.impl.launch.knot.KnotClassDelegate.getPostMixinClassByteArray(KnotClassDelegate.java:435)
	at net.fabricmc.loader.impl.launch.knot.KnotClassDelegate.tryLoadClass(KnotClassDelegate.java:336)
	at net.fabricmc.loader.impl.launch.knot.KnotClassDelegate.loadClass(KnotClassDelegate.java:231)
	at net.fabricmc.loader.impl.launch.knot.KnotClassLoader.loadClass(KnotClassLoader.java:119)
	at java.base/java.lang.ClassLoader.loadClass(ClassLoader.java:490)
	at knot//net.minecraft.client.Minecraft.<init>(Minecraft.java:685)
	at knot//net.minecraft.client.main.Main.main(Main.java:278)
	at net.fabricmc.loader.impl.game.minecraft.MinecraftGameProvider.launch(MinecraftGameProvider.java:517)
	at net.fabricmc.loader.impl.launch.knot.Knot.launch(Knot.java:72)
	at net.fabricmc.loader.impl.launch.knot.KnotClient.main(KnotClient.java:23)
---- Minecraft Crash Report ----
// You're mean.

Time: 2026-09-18 00:36:23
Description: Initializing game

java.lang.RuntimeException: Mixin transformation of net.minecraft.client.renderer.GameRenderer failed
	at net.fabricmc.loader.impl.launch.knot.KnotClassDelegate.getPostMixinClassByteArray(KnotClassDelegate.java:440)
	at net.fabricmc.loader.impl.launch.knot.KnotClassDelegate.tryLoadClass(KnotClassDelegate.java:336)
	at net.fabricmc.loader.impl.launch.knot.KnotClassDelegate.loadClass(KnotClassDelegate.java:231)
	at net.fabricmc.loader.impl.launch.knot.KnotClassLoader.loadClass(KnotClassLoader.java:119)
	at java.base/java.lang.ClassLoader.loadClass(ClassLoader.java:490)
	at knot//net.minecraft.client.Minecraft.<init>(Minecraft.java:685)
	at knot//net.minecraft.client.main.Main.main(Main.java:278)
	at net.fabricmc.loader.impl.game.minecraft.MinecraftGameProvider.launch(MinecraftGameProvider.java:517)
	at net.fabricmc.loader.impl.launch.knot.Knot.launch(Knot.java:72)
	at net.fabricmc.loader.impl.launch.knot.KnotClient.main(KnotClient.java:23)
Caused by: org.spongepowered.asm.mixin.transformer.throwables.MixinTransformerError: An unexpected critical error was encountered
	at org.spongepowered.asm.mixin.transformer.MixinProcessor.applyMixins(MixinProcessor.java:380)
	at org.spongepowered.asm.mixin.transformer.MixinTransformer.transformClass(MixinTransformer.java:237)
	at org.spongepowered.asm.mixin.transformer.MixinTransformer.transformClassBytes(MixinTransformer.java:202)
	at net.fabricmc.loader.impl.launch.knot.KnotClassDelegate.getPostMixinClassByteArray(KnotClassDelegate.java:435)
	... 9 more
Caused by: org.spongepowered.asm.mixin.throwables.MixinApplyError: Mixin [tacz.mixins.json:client.GameRendererMixin from mod tacz] from phase [DEFAULT] in config [tacz.mixins.json] FAILED during APPLY
	at org.spongepowered.asm.mixin.transformer.MixinProcessor.handleMixinError(MixinProcessor.java:685)
	at org.spongepowered.asm.mixin.transformer.MixinProcessor.handleMixinApplyError(MixinProcessor.java:636)
	at org.spongepowered.asm.mixin.transformer.MixinProcessor.applyMixins(MixinProcessor.java:367)
	... 12 more
Caused by: org.spongepowered.asm.mixin.injection.throwables.InvalidInjectionException: Invalid descriptor on tacz.mixins.json:client.GameRendererMixin from mod tacz->@Inject::tacz$beginHandPass(Lnet/minecraft/client/renderer/state/level/CameraRenderState;FLorg/joml/Matrix4fc;Lorg/spongepowered/asm/mixin/injection/callback/CallbackInfo;)V! Expected (Lnet/minecraft/client/renderer/state/level/CameraRenderState;Lnet/minecraft/client/renderer/state/level/PlayerRenderState;Lcom/mojang/renderpearl/api/textures/GpuTextureView;Lorg/spongepowered/asm/mixin/injection/callback/CallbackInfo;)V but found (Lnet/minecraft/client/renderer/state/level/CameraRenderState;FLorg/joml/Matrix4fc;Lorg/spongepowered/asm/mixin/injection/callback/CallbackInfo;)V [INJECT_APPLY Applicator Phase -> tacz.mixins.json:client.GameRendererMixin from mod tacz -> Apply Injections ->  -> Inject -> tacz.mixins.json:client.GameRendererMixin from mod tacz->@Inject::tacz$beginHandPass(Lnet/minecraft/client/renderer/state/level/CameraRenderState;FLorg/joml/Matrix4fc;Lorg/spongepowered/asm/mixin/injection/callback/CallbackInfo;)V]
	at org.spongepowered.asm.mixin.injection.callback.CallbackInjector.inject(CallbackInjector.java:563)
	at org.spongepowered.asm.mixin.injection.callback.CallbackInjector.inject(CallbackInjector.java:493)
	at org.spongepowered.asm.mixin.injection.code.Injector.inject(Injector.java:284)
	at org.spongepowered.asm.mixin.injection.struct.InjectionInfo.inject(InjectionInfo.java:503)
	at org.spongepowered.asm.mixin.transformer.MixinTargetContext.applyInjections(MixinTargetContext.java:1470)
	at org.spongepowered.asm.mixin.transformer.MixinApplicatorStandard.applyInjections(MixinApplicatorStandard.java:832)
	at org.spongepowered.asm.mixin.transformer.MixinApplicatorStandard.lambda$runApplicatorPass$7(MixinApplicatorStandard.java:362)
	at org.spongepowered.asm.mixin.transformer.MixinApplicatorStandard.processMixins(MixinApplicatorStandard.java:381)
	at org.spongepowered.asm.mixin.transformer.MixinApplicatorStandard.runApplicatorPass(MixinApplicatorStandard.java:360)
	at org.spongepowered.asm.mixin.transformer.MixinApplicatorStandard.apply(MixinApplicatorStandard.java:240)
	at org.spongepowered.asm.mixin.transformer.TargetClassContext.apply(TargetClassContext.java:437)
	at org.spongepowered.asm.mixin.transformer.TargetClassContext.applyMixins(TargetClassContext.java:418)
	at org.spongepowered.asm.mixin.transformer.MixinProcessor.applyMixins(MixinProcessor.java:351)
	... 12 more


A detailed walkthrough of the error, its code path and all known details is as follows:
---------------------------------------------------------------------------------------

-- Head --
Thread: Render thread
Stacktrace:
	at net.fabricmc.loader.impl.launch.knot.KnotClassDelegate.getPostMixinClassByteArray(KnotClassDelegate.java:440)
	at net.fabricmc.loader.impl.launch.knot.KnotClassDelegate.tryLoadClass(KnotClassDelegate.java:336)
	at net.fabricmc.loader.impl.launch.knot.KnotClassDelegate.loadClass(KnotClassDelegate.java:231)
	at net.fabricmc.loader.impl.launch.knot.KnotClassLoader.loadClass(KnotClassLoader.java:119)
	at java.base/java.lang.ClassLoader.loadClass(ClassLoader.java:490)
	at knot//net.minecraft.client.Minecraft.<init>(Minecraft.java:685)

-- Initialization --
Details:
	Modules: 
		ADVAPI32.dll:高级 Windows 32 基本 API:10.0.26100.8875 (WinBuild.160101.0800):Microsoft Corporation
		AVRT.dll:多媒体实时运行时:10.0.26100.8875 (WinBuild.160101.0800):Microsoft Corporation
		CFGMGR32.dll:Configuration Manager DLL:10.0.26100.9278 (WinBuild.160101.0800):Microsoft Corporation
		COMCTL32.dll:用户体验控件库:6.10 (WinBuild.160101.0800):Microsoft Corporation
		CRYPT32.dll:加密 API32:10.0.26100.8875 (WinBuild.160101.0800):Microsoft Corporation
		CRYPTBASE.dll:Base cryptographic API DLL:10.0.26100.9444 (WinBuild.160101.0800):Microsoft Corporation
		CRYPTSP.dll:Cryptographic Service Provider API:10.0.26100.9444 (WinBuild.160101.0800):Microsoft Corporation
		CoreMessaging.dll:Microsoft CoreMessaging Dll:10.0.26100.9444 (WinBuild.160101.0800):Microsoft Corporation
		CoreUIComponents.dll:Microsoft Core UI Components Dll:10.0.26100.9278:Microsoft Corporation
		D3D12Core.dll:Direct3D 12 Core Runtime:10.0.26100.9278 (WinBuild.160101.0800):Microsoft Corporation
		D3DSCache.dll:Microsoft (R) D3D 着色器缓存库:10.0.26100.8875 (WinBuild.160101.0800):Microsoft Corporation
		DBGHELP.DLL:Windows Image Helper:10.0.26100.9444 (WinBuild.160101.0800):Microsoft Corporation
		DEVOBJ.dll:Device Information Set DLL:10.0.26100.9278 (WinBuild.160101.0800):Microsoft Corporation
		DNSAPI.dll:DNS 客户端 API DLL:10.0.26100.9278 (WinBuild.160101.0800):Microsoft Corporation
		DSPARSE.dll:Active Directory Domain Services API:10.0.26100.1 (WinBuild.160101.0800):Microsoft Corporation
		DWMAPI.DLL:Microsoft 桌面窗口管理器 API:10.0.26100.8875 (WinBuild.160101.0800):Microsoft Corporation
		DWrite.dll:Microsoft DirectX 版式服务:10.0.26100.8875 (WinBuild.160101.0800):Microsoft Corporation
		DXGI.DLL:DirectX Graphics Infrastructure:10.0.26100.9444 (WinBuild.160101.0800):Microsoft Corporation
		GDI32.dll:GDI Client DLL:10.0.26100.8328 (WinBuild.160101.0800):Microsoft Corporation
		GLU32.dll:OpenGL 实用工具库 DLL:10.0.26100.8875 (WinBuild.160101.0800):Microsoft Corporation
		IMM32.DLL:Multi-User Windows IMM32 API Client DLL:10.0.26100.9278 (WinBuild.160101.0800):Microsoft Corporation
		IPHLPAPI.DLL:IP 帮助程序 API:10.0.26100.8875 (WinBuild.160101.0800):Microsoft Corporation
		KERNEL32.DLL:Windows NT 基本 API 客户端 DLL:10.0.26100.9278 (WinBuild.160101.0800):Microsoft Corporation
		KERNELBASE.dll:Windows NT 基本 API 客户端 DLL:10.0.26100.9278 (WinBuild.160101.0800):Microsoft Corporation
		MMDevApi.dll:MMDevice API:10.0.26100.8875 (WinBuild.160101.0800):Microsoft Corporation
		MSASN1.dll:ASN.1 Runtime APIs:10.0.26100.9444 (WinBuild.160101.0800):Microsoft Corporation
		MSCTF.dll:MSCTF 服务器 DLL:10.0.26100.8875 (WinBuild.160101.0800):Microsoft Corporation
		Microsoft.Internal.WarpPal.dll
		NSI.dll:NSI User-mode interface DLL:10.0.26100.9444 (WinBuild.160101.0800):Microsoft Corporation
		NTASN1.dll:Microsoft ASN.1 API:10.0.26100.1 (WinBuild.160101.0800):Microsoft Corporation
		OLEAUT32.dll:OLEAUT32.DLL:10.0.26100.9278 (WinBuild.160101.0800):Microsoft Corporation
		OpenAL.dll:Main implementation library:1.25.2:
		POWRPROF.dll:电源配置文件帮助程序 DLL:10.0.26100.8875 (WinBuild.160101.0800):Microsoft Corporation
		PSAPI.DLL:Process Status Helper:10.0.26100.8521 (WinBuild.160101.0800):Microsoft Corporation
		Pdh.dll:Windows 性能数据助手 DLL:10.0.26100.8875 (WinBuild.160101.0800):Microsoft Corporation
		RPCRT4.dll:远程过程调用运行时:10.0.26100.8875 (WinBuild.160101.0800):Microsoft Corporation
		SDL3.dll:SDL:3, 4, 14, 0:
		SETUPAPI.dll:Windows 安装程序 API:10.0.26100.8875 (WinBuild.160101.0800):Microsoft Corporation
		SHCORE.dll:SHCORE:10.0.26100.8875 (WinBuild.160101.0800):Microsoft Corporation
		SHELL32.dll:Windows Shell 公用 DLL:10.0.26100.9278 (WinBuild.160101.0800):Microsoft Corporation
		SspiCli.dll:Security Support Provider Interface:10.0.26100.9278 (WinBuild.160101.0800):Microsoft Corporation
		UMPDC.dll:User Mode Power Dependency Coordinator:10.0.26100.8972 (WinBuild.160101.0800):Microsoft Corporation
		USER32.dll:多用户 Windows 用户 API 客户端 DLL:10.0.26100.8875 (WinBuild.160101.0800):Microsoft Corporation
		USERENV.dll:Userenv:10.0.26100.8875 (WinBuild.160101.0800):Microsoft Corporation
		USP10.dll:Uniscribe Unicode script processor:10.0.26100.1 (WinBuild.160101.0800):Microsoft Corporation
		VCRUNTIME140.dll:Microsoft® C Runtime Library:14.40.33810.0:Microsoft Corporation
		VERSION.dll:Version Checking and File Installation Libraries:10.0.26100.1150 (WinBuild.160101.0800):Microsoft Corporation
		WINMM.dll:MCI API DLL:10.0.26100.8875 (WinBuild.160101.0800):Microsoft Corporation
		WINSTA.dll:Winstation Library:10.0.26100.9278 (WinBuild.160101.0800):Microsoft Corporation
		WINTRUST.dll:Microsoft Trust Verification APIs:10.0.26100.9444 (WinBuild.160101.0800):Microsoft Corporation
		WS2_32.dll:Windows Socket 2.0 32 位 DLL:10.0.26100.8875 (WinBuild.160101.0800):Microsoft Corporation
		Wtsapi32.dll:Windows Remote Desktop Session Host Server SDK APIs:10.0.26100.9278 (WinBuild.160101.0800):Microsoft Corporation
		amdihk64.dll:Radeon Settings: Host Service:2,00,00,1788:Advanced Micro Devices, Inc.
		amdxc64.dll:AMD DX12 UMD :8.18.10.0504:Advanced Micro Devices, Inc. 
		amsi.dll:Anti-Malware Scan Interface:10.0.26100.7309 (WinBuild.160101.0800):Microsoft Corporation
		atig6pxx.dll:atiglpxx.dll:8.14.01.6564:Advanced Micro Devices, Inc. 
		atio6axx.dll:AMD OpenGL Driver:26.08.300126_e4d6776:Advanced Micro Devices, Inc
		bcrypt.dll:Windows 加密基元库:10.0.26100.8875 (WinBuild.160101.0800):Microsoft Corporation
		bcryptPrimitives.dll:Windows Cryptographic Primitives Library:10.0.26100.9444 (WinBuild.160101.0800):Microsoft Corporation
		clbcatq.dll:COM+ Configuration Catalog:2001.12.10941.16384 (WinBuild.160101.0800):Microsoft Corporation
		combase.dll:用于 Windows 的 Microsoft COM:10.0.26100.8875 (WinBuild.160101.0800):Microsoft Corporation
		d3d12.dll:Direct3D 12 Runtime:10.0.26100.9278 (WinBuild.160101.0800):Microsoft Corporation
		dataexchange.dll:Data exchange:10.0.26100.9278 (WinBuild.160101.0800):Microsoft Corporation
		dbgcore.DLL:Windows Core Debugging Helpers:10.0.26100.9444 (WinBuild.160101.0800):Microsoft Corporation
		dcomp.dll:Microsoft DirectComposition Library:10.0.26100.9278 (WinBuild.160101.0800):Microsoft Corporation
		directxdatabasehelper.dll:DirectXDatabaseHelper:10.0.26100.9444 (WinBuild.160101.0800):Microsoft Corporation
		dxcore.dll:DXCore:10.0.26100.9278 (WinBuild.160101.0800):Microsoft Corporation
		extnet.dll:OpenJDK Platform binary:25.0.3.0:Eclipse Adoptium
		fastprox.dll:WMI Custom Marshaller:10.0.26100.9444 (WinBuild.160101.0800):Microsoft Corporation
		freetype.dll:Font Rendering Library:2.14.3:The FreeType Project
		fwpuclnt.dll:FWP/IPsec 用户模式 API:10.0.26100.8875 (WinBuild.160101.0800):Microsoft Corporation
		gdi32full.dll:GDI Client DLL:10.0.26100.9444 (WinBuild.160101.0800):Microsoft Corporation
		hid.dll:Hid 用户库:10.0.26100.8875 (WinBuild.160101.0800):Microsoft Corporation
		java.dll:OpenJDK Platform binary:25.0.3.0:Eclipse Adoptium
		java.exe:OpenJDK Platform binary:25.0.3.0:Eclipse Adoptium
		jemalloc.dll
		jimage.dll:OpenJDK Platform binary:25.0.3.0:Eclipse Adoptium
		jli.dll:OpenJDK Platform binary:25.0.3.0:Eclipse Adoptium
		jna12136692678697024916.dll:JNA native library:7.0.2:Java(TM) Native Access (JNA)
		jvm.dll:OpenJDK 64-Bit server VM:25.0.3.0:Eclipse Adoptium
		kernel.appcore.dll:AppModel API Host:10.0.26100.9278 (WinBuild.160101.0800):Microsoft Corporation
		lwjgl.dll
		lwjgl_opengl.dll
		lwjgl_stb.dll
		lwjgl_vma.dll
		management.dll:OpenJDK Platform binary:25.0.3.0:Eclipse Adoptium
		management_ext.dll:OpenJDK Platform binary:25.0.3.0:Eclipse Adoptium
		mdnsNSP.dll:Bonjour Namespace Provider:3,1,0,1:Apple Inc.
		mscms.dll:Microsoft 颜色匹配系统 DLL:10.0.26100.8875 (WinBuild.160101.0800):Microsoft Corporation
		msvcp140.dll:Microsoft® C Runtime Library:14.40.33810.0:Microsoft Corporation
		msvcp_win.dll:Microsoft® C Runtime Library:10.0.26100.9444 (WinBuild.160101.0800):Microsoft Corporation
		msvcrt.dll:Windows NT CRT DLL:7.0.26100.9444 (WinBuild.160101.0800):Microsoft Corporation
		mswsock.dll:Microsoft Windows Sockets 2.0 服务提供程序:10.0.26100.8875 (WinBuild.160101.0800):Microsoft Corporation
		napinsp.dll:电子邮件命名填充提供程序:10.0.26100.8875 (WinBuild.160101.0800):Microsoft Corporation
		ncrypt.dll:Windows NCrypt 路由器:10.0.26100.8875 (WinBuild.160101.0800):Microsoft Corporation
		net.dll:OpenJDK Platform binary:25.0.3.0:Eclipse Adoptium
		nio.dll:OpenJDK Platform binary:25.0.3.0:Eclipse Adoptium
		nlansp_c.dll:NLA Namespace Service Provider DLL:10.0.26100.9278 (WinBuild.160101.0800):Microsoft Corporation
		ntdll.dll:NT 层 DLL:10.0.26100.9278 (WinBuild.160101.0800):Microsoft Corporation
		ole32.dll:用于 Windows 的 Microsoft OLE:10.0.26100.8875 (WinBuild.160101.0800):Microsoft Corporation
		opengl32.dll:OpenGL Client DLL:10.0.26100.9278 (WinBuild.160101.0800):Microsoft Corporation
		perfos.dll:Windows 系统性能对象 DLL:10.0.26100.8875 (WinBuild.160101.0800):Microsoft Corporation
		perfproc.dll:Windows 系统进程性能对象 DLL:10.0.26100.8875 (WinBuild.160101.0800):Microsoft Corporation
		pfclient.dll:SysMain Client:10.0.26100.4202 (WinBuild.160101.0800):Microsoft Corporation
		profapi.dll:User Profile Basic API:10.0.26100.9444 (WinBuild.160101.0800):Microsoft Corporation
		rasadhlp.dll:Remote Access AutoDial Helper:10.0.26100.7920 (WinBuild.160101.0800):Microsoft Corporation
		rsaenh.dll:Microsoft Enhanced Cryptographic Provider:10.0.26100.1 (WinBuild.160101.0800):Microsoft Corporation
		sechost.dll:Host for SCM/SDDL/LSA Lookup APIs:10.0.26100.1 (WinBuild.160101.0800):Microsoft Corporation
		shaderc.dll
		shlwapi.dll:外壳简易实用工具库:10.0.26100.8875 (WinBuild.160101.0800):Microsoft Corporation
		spirv-cross.dll
		sunmscapi.dll:OpenJDK Platform binary:25.0.3.0:Eclipse Adoptium
		syslookup.dll:OpenJDK Platform binary:25.0.3.0:Eclipse Adoptium
		textinputframework.dll:"TextInputFramework.DYNLINK":10.0.26100.9278 (WinBuild.160101.0800):Microsoft Corporation
		twinapi.appcore.dll:twinapi.appcore:10.0.26100.8875 (WinBuild.160101.0800):Microsoft Corporation
		ucrtbase.dll:Microsoft® C Runtime Library:10.0.26100.9444 (WinBuild.160101.0800):Microsoft Corporation
		uxtheme.dll:Microsoft UxTheme 库:10.0.26100.8875 (WinBuild.160101.0800):Microsoft Corporation
		vcruntime140_1.dll:Microsoft® C Runtime Library:14.40.33810.0:Microsoft Corporation
		verify.dll:OpenJDK Platform binary:25.0.3.0:Eclipse Adoptium
		vulkan-1.dll:Vulkan Loader:1.4.341.0:
		wbemcomn.dll:WMI:10.0.26100.7920 (WinBuild.160101.0800):Microsoft Corporation
		wbemprox.dll:WMI:10.0.26100.9278 (WinBuild.160101.0800):Microsoft Corporation
		wbemsvc.dll:WMI:10.0.26100.9278 (WinBuild.160101.0800):Microsoft Corporation
		win32u.dll:Win32u:10.0.26100.9444 (WinBuild.160101.0800):Microsoft Corporation
		windows.staterepositorycore.dll:Windows StateRepository API Core:10.0.26100.9444 (WinBuild.160101.0800):Microsoft Corporation
		windows.storage.dll:Microsoft WinRT Storage API:10.0.26100.9278 (WinBuild.160101.0800):Microsoft Corporation
		winrnr.dll:LDAP RnR Provider DLL:10.0.26100.9278 (WinBuild.160101.0800):Microsoft Corporation
		wintypes.dll:Windows 基本类型 DLL:10.0.26100.8875 (WinBuild.160101.0800):Microsoft Corporation
		wshbth.dll:Windows Sockets Helper DLL:10.0.26100.8875 (WinBuild.160101.0800):Microsoft Corporation
		wshunix.dll:AF_UNIX Winsock2 Helper DLL:10.0.26100.1 (WinBuild.160101.0800):Microsoft Corporation
		zip.dll:OpenJDK Platform binary:25.0.3.0:Eclipse Adoptium
Stacktrace:
	at knot//net.minecraft.client.main.Main.main(Main.java:278)
	at net.fabricmc.loader.impl.game.minecraft.MinecraftGameProvider.launch(MinecraftGameProvider.java:517)
	at net.fabricmc.loader.impl.launch.knot.Knot.launch(Knot.java:72)
	at net.fabricmc.loader.impl.launch.knot.KnotClient.main(KnotClient.java:23)

-- System Details --
Details:
	Minecraft Version: 26.3
	Minecraft Version ID: 26.3
	Operating System: Windows 11 (amd64) version 10.0
	Java Version: 25.0.3, Eclipse Adoptium
	Java VM Version: OpenJDK 64-Bit Server VM (mixed mode, sharing), Eclipse Adoptium
	Memory: 282351040 bytes (269 MiB) / 570425344 bytes (544 MiB) up to 8724152320 bytes (8320 MiB)
	Memory (heap): init: 512MiB, used: 250MiB, committed: 544MiB, max: 8320MiB
	Memory (non-heap): init: 007MiB, used: 189MiB, committed: 192MiB, max: 000MiB
	CPUs: 16
	Processor Vendor: AuthenticAMD
	Processor Name: AMD Ryzen 7 7700 8-Core Processor              
	Identifier: AuthenticAMD Family 25 Model 97 Stepping 2
	Microarchitecture: Zen 3
	Frequency (GHz): 3.79
	Number of physical packages: 1
	Number of physical CPUs: 8
	Number of logical CPUs: 16
	Graphics card #0 name: AMD  Radeon RX 7800 XT
	Graphics card #0 vendor: Advanced Micro Devices, Inc.
	Graphics card #0 VRAM (MiB): 16368.00
	Graphics card #0 deviceId: VideoController1
	Graphics card #0 versionInfo: 32.0.31041.1004
	Graphics card #1 name: AMD Radeon(TM) Graphics
	Graphics card #1 vendor: Advanced Micro Devices, Inc.
	Graphics card #1 VRAM (MiB): 512.00
	Graphics card #1 deviceId: VideoController2
	Graphics card #1 versionInfo: 32.0.21045.5002
	Memory slot #0 capacity (MiB): 16384.00
	Memory slot #0 clockSpeed (GHz): 4.80
	Memory slot #0 type: DDR5
	Memory slot #1 capacity (MiB): 16384.00
	Memory slot #1 clockSpeed (GHz): 4.80
	Memory slot #1 type: DDR5
	Virtual memory max (MiB): 64605.93
	Virtual memory used (MiB): 13009.90
	Swap memory total (MiB): 32784.00
	Swap memory used (MiB): 758.26
	Space in storage for jna.tmpdir (MiB): available: 365075.88, total: 684062.94
	Space in storage for org.lwjgl.system.SharedLibraryExtractPath (MiB): available: 365075.88, total: 684062.94
	Space in storage for io.netty.native.workdir (MiB): available: 365075.88, total: 684062.94
	Space in storage for java.io.tmpdir (MiB): available: 105314.81, total: 269803.38
	Space in storage for workdir (MiB): available: 365075.88, total: 684062.94
	Operating System Version: Microsoft Windows 11 (Home) build 26200
	Process Elevated: false
	Process Loads: Uptime: 15s, user: 26s (169.32%), kernel: 5s (32.70%), total: 30s (202.02%)
	Process Virtual Size (MiB): 99.19
	Process Resident Size (MiB): 902.38
	JVM Flags: 14 total; -XX:HeapDumpPath=MojangTricksIntelDriversForPerformance_javaw.exe_minecraft.exe.heapdump -XX:StackShadowPages=32 -XX:-OmitStackTraceInFastThrow -Xmx8294m -XX:+UnlockExperimentalVMOptions -XX:+UseCompactObjectHeaders -XX:+UseG1GC -XX:G1NewSizePercent=20 -XX:G1ReservePercent=20 -XX:G1HeapRegionSize=32M -XX:MaxGCPauseMillis=50 -XX:+PerfDisableSharedMem -XX:MinHeapFreeRatio=25 -XX:MaxHeapFreeRatio=40
	Debug Flags: 0 total; 
	Fabric Mods: 
		architectury: Architectury 22.0.1
		cloth-config: Cloth Config v26.3 26.3.158
			cloth-basic-math: cloth-basic-math 0.6.1
		controlling: Controlling 26.3.1
		dynamic_fps: Dynamic FPS 3.11.10
			dynamic_fps_common: Dynamic FPS Common 3.11.10
			net_lostluma_battery: battery 2.1.0
		euphoria_patcher: Euphoria Patcher 1.10.5-r5.9.3-fabric
		fabric-api: Fabric API 0.160.7+26.3
			fabric-api-base: Fabric API Base 2.0.6+fcdff87f5d
			fabric-api-lookup-api-v1: Fabric API Lookup API (v1) 2.0.24+3434d6d95d
			fabric-biome-api-v1: Fabric Biome API (v1) 20.0.9+74ed1ea55d
			fabric-block-api-v1: Fabric Block API (v1) 3.1.0+0ae6f9115d
			fabric-block-getter-api-v2: Fabric BlockGetter API (v2) 2.0.9+3434d6d95d
			fabric-command-api-v2: Fabric Command API (v2) 3.1.2+fcdff87f5d
			fabric-content-registries-v0: Fabric Content Registries (v0) 15.0.4+74ed1ea55d
			fabric-convention-tags-v2: Fabric Convention Tags (v2) 4.10.2+5a4e5fc65d
			fabric-crash-report-info-v1: Fabric Crash Report Info (v1) 1.0.7+fcdff87f5d
			fabric-creative-tab-api-v1: Fabric Creative Tab API (v1) 5.0.21+fcdff87f5d
			fabric-data-attachment-api-v1: Fabric Data Attachment API (v1) 2.2.30+3434d6d95d
			fabric-data-generation-api-v1: Fabric Data Generation API (v1) 27.2.3+64902b845d
			fabric-debug-api-v1: Fabric Debug API (v1) 1.0.4+3434d6d95d
			fabric-dimensions-v1: Fabric Dimensions API (v1) 5.1.19+47f74c985d
			fabric-entity-events-v1: Fabric Entity Events (v1) 6.0.4+3434d6d95d
			fabric-events-interaction-v0: Fabric Events Interaction (v0) 5.3.6+3434d6d95d
			fabric-game-rule-api-v1: Fabric Game Rule API (v1) 4.0.10+3434d6d95d
			fabric-item-api-v1: Fabric Item API (v1) 14.7.0+cf6bc2db5d
			fabric-key-mapping-api-v1: Fabric Key Mapping API (v1) 2.0.8+3434d6d95d
			fabric-lifecycle-events-v1: Fabric Lifecycle Events (v1) 4.1.9+ffef5f675d
			fabric-loot-api-v3: Fabric Loot API (v3) 4.0.8+4068fd645d
			fabric-menu-api-v1: Fabric Menu API (v1) 2.0.27+ed66f0a35d
			fabric-message-api-v1: Fabric Message API (v1) 7.0.10+3434d6d95d
			fabric-model-loading-api-v1: Fabric Model Loading API (v1) 8.0.35+fcdff87f5d
			fabric-networking-api-v1: Fabric Networking API (v1) 6.3.8+fcdff87f5d
			fabric-object-builder-api-v1: Fabric Object Builder API (v1) 24.1.9+3434d6d95d
			fabric-particles-v1: Fabric Particles (v1) 5.0.24+3434d6d95d
			fabric-permission-api-v1: Fabric Permission API (v1) 1.0.8+fcdff87f5d
			fabric-recipe-api-v1: Fabric Recipe API (v1) 10.0.8+fcdff87f5d
			fabric-registry-sync-v0: Fabric Registry Sync (v0) 8.0.1+fcdff87f5d
			fabric-renderer-api-v1: Fabric Renderer API (v1) 17.0.15+79385d0b5d
			fabric-renderer-indigo: Fabric Renderer - Indigo 9.1.23+b9d63e335d
			fabric-rendering-fluids-v1: Fabric Rendering Fluids (v1) 6.0.6+3434d6d95d
			fabric-rendering-v1: Fabric Rendering (v1) 27.0.14+901a437c5d
			fabric-resource-conditions-api-v1: Fabric Resource Conditions API (v1) 6.1.5+3434d6d95d
			fabric-resource-loader-v0: Fabric Resource Loader (v0) 3.3.26+4fc5413f5d
			fabric-resource-loader-v1: Fabric Resource Loader (v1) 3.0.4+fcdff87f5d
			fabric-screen-api-v1: Fabric Screen API (v1) 5.2.4+48607d035d
			fabric-serialization-api-v1: Fabric Serialization API (v1) 2.0.7+74ed1ea55d
			fabric-sound-api-v1: Fabric Sound API (v1) 2.0.7+3434d6d95d
			fabric-tag-api-v1: Fabric Tag API (v1) 2.1.10+fcdff87f5d
			fabric-transfer-api-v1: Fabric Transfer API (v1) 8.0.25+fcdff87f5d
			fabric-transitive-access-wideners-v1: Fabric Transitive Access Wideners (v1) 8.1.16+52268a0e5d
		fabric-language-kotlin: Fabric Language Kotlin 1.14.1+kotlin.2.4.20
			org_jetbrains_kotlin_kotlin-reflect: kotlin-reflect 2.4.20
			org_jetbrains_kotlin_kotlin-stdlib: kotlin-stdlib 2.4.20
			org_jetbrains_kotlin_kotlin-stdlib-jdk7: kotlin-stdlib-jdk7 2.4.20
			org_jetbrains_kotlin_kotlin-stdlib-jdk8: kotlin-stdlib-jdk8 2.4.20
			org_jetbrains_kotlinx_atomicfu-jvm: atomicfu-jvm 0.33.0
			org_jetbrains_kotlinx_kotlinx-coroutines-core-jvm: kotlinx-coroutines-core-jvm 1.11.0
			org_jetbrains_kotlinx_kotlinx-coroutines-jdk8: kotlinx-coroutines-jdk8 1.11.0
			org_jetbrains_kotlinx_kotlinx-datetime-jvm: kotlinx-datetime-jvm 0.8.0
			org_jetbrains_kotlinx_kotlinx-io-bytestring-jvm: kotlinx-io-bytestring-jvm 0.9.1
			org_jetbrains_kotlinx_kotlinx-io-core-jvm: kotlinx-io-core-jvm 0.9.1
			org_jetbrains_kotlinx_kotlinx-serialization-cbor-jvm: kotlinx-serialization-cbor-jvm 1.11.0
			org_jetbrains_kotlinx_kotlinx-serialization-core-jvm: kotlinx-serialization-core-jvm 1.11.0
			org_jetbrains_kotlinx_kotlinx-serialization-json-jvm: kotlinx-serialization-json-jvm 1.11.0
		fabricloader: Fabric Loader 0.19.5
			mixinextras: MixinExtras 0.5.5
		forgeconfigapiport: Forge Config API Port 26.3.0
			com_electronwill_night-config_core: core 3.8.4
			com_electronwill_night-config_toml: toml 3.8.4
		iris: Iris 1.11.6+mc26.3
			io_github_douira_glsl-transformer: glsl-transformer 3.0.0-pre3
			org_anarres_jcpp: jcpp 1.4.14
			org_antlr_antlr4-runtime: antlr4-runtime 4.13.1
		jade: Jade 26.3.1+fabric
		java: OpenJDK 64-Bit Server VM 25
		jei: Just Enough Items 31.0.0.5
		minecraft: Minecraft 26.3
		modmenu: Mod Menu 21.0.0-beta.1
		mousetweaks: Mouse Tweaks 2.31
		placeholder-api: Placeholder API 3.2.0+26.3
		reeses-sodium-options: Reese's Sodium Options 2.2.4+mc26.3
		searchables: Searchables 1.0.2
		sodium: Sodium 0.9.2+mc26.3
		tacz: [UNOFFICIAL] TaCZ Refabricated (26.3 R1) 1.1.8+fabric.26.3.R1
			com_github_figuramc_luaj_luaj-core: luaj-core 3.0.8-figura
			com_github_figuramc_luaj_luaj-jse: luaj-jse 3.0.8-figura
			com_maydaymemory_mae: mae 1.1.1
			org_apache_bcel_bcel: bcel 6.6.1
			org_apache_commons_commons-math3: commons-math3 3.6.1
		xaerominimap: Xaero's Minimap 26.5.3
			xaerolib: XaeroLib 1.7.17
	Loaded Shaderpack: (off)
	Launched Version: 26.3-Fabric 0.19.5
	Launcher name: PCL
	Backend library: LWJGL version 3.4.3-snapshot
	Window size: <not initialized>
	Surface Info: <no surface>
	SDL Platform: Windows
	Graphics Device: AMD  Radeon RX 7800 XT
	Graphics Backend: OpenGL
	Graphics Vendor: ATI Technologies Inc.
	Graphics Drivers: 3.3.0 Core Profile Context 26.8.1.260810
	Graphics Device Extensions: GL_ARB_multi_draw_indirect, GL_ARB_buffer_storage, GL_ARB_shader_draw_parameters, GL_ARB_base_instance, GL_KHR_debug, GL_ARB_draw_indirect, GL_ARB_clip_control, GL_ARB_vertex_attrib_binding, GL_ARB_direct_state_access, GL_EXT_texture_filter_anisotropic
	Graphics Device Type: OTHER
	Graphics Device Features: DeviceFeatures[wireframeFillMode=true, shaderDrawParameters=true, multiDrawDirectInterleaved=false, multiDrawDirectSeparate=true, multiDrawIndirect=true, drawIndirect=true, nonZeroFirstInstance=true, persistentMapping=true]
	GL debug messages: 
	Is Modded: Definitely; Client brand changed to 'fabric'
	Universe: 404
	Type: Client
	Locale: zh_CN
	System encoding: GBK
	File encoding: UTF-8
	CPU: 16x AMD Ryzen 7 7700 8-Core Processor 
#@!@# Game crashed! Crash report saved to: #@!@# D:\DOWLOD\.minecraft\versions\26.3-Fabric 0.19.5\crash-reports\crash-2026-09-18_00.36.23-client.txt